%!Adobe-FontList 1.15
%Locale:0x409

%BeginFont
Handler:DirectoryHandler
FontType:TrueType
FontName:Roboto-Black
FamilyName:Roboto
StyleName:Black
MenuName:Roboto Black
StyleBits:0
WeightClass:900
WidthClass:5
AngleClass:0
FullName:Roboto Black
WritingScript:Roman
OutlineFileName:\Roboto-Black.ttf
DataFormat:sfntData
FileLength:142472
FileModTime:1383837564
NameArray:0,Mac,18,Roboto Black
NameArray:0,Mac,4,Roboto Black
NameArray:0,Win,1,Roboto Black
NameArray:0,Win,16,Roboto
%EndFont

%BeginFont
Handler:DirectoryHandler
FontType:TrueType
FontName:Roboto-BlackItalic
FamilyName:Roboto
StyleName:Black Italic
MenuName:Roboto Black
StyleBits:1
WeightClass:900
WidthClass:5
AngleClass:0
FullName:Roboto Black Italic
WritingScript:Roman
OutlineFileName:\Roboto-BlackItalic.ttf
DataFormat:sfntData
FileLength:149644
FileModTime:1383837564
NameArray:0,Mac,18,Roboto Black Italic
NameArray:0,Mac,4,Roboto Black Italic
NameArray:0,Win,1,Roboto Black
NameArray:0,Win,16,Roboto
%EndFont

%BeginFont
Handler:DirectoryHandler
FontType:TrueType
FontName:Roboto-Thin
FamilyName:Roboto
StyleName:Thin
MenuName:Roboto Thin
StyleBits:0
WeightClass:250
WidthClass:5
AngleClass:0
FullName:Roboto Thin
WritingScript:Roman
OutlineFileName:\Roboto-Thin.ttf
DataFormat:sfntData
FileLength:130044
FileModTime:1383837574
NameArray:0,Mac,18,Roboto Thin
NameArray:0,Mac,4,Roboto Thin
NameArray:0,Win,1,Roboto Thin
NameArray:0,Win,16,Roboto
%EndFont

